// Jest Snapshot v1, https://goo.gl/fbAQLP

exports[`tests for <MenuOverlay /> should render a MenuOverlay 1`] = `
ShallowWrapper {
  Symbol(enzyme.__root__): [Circular],
  Symbol(enzyme.__unrendered__): <MenuOverlay
    className=""
    menuTrigger={
      <div>
        Trigger
      </div>
    }
    onSelect={null}
    showArrow={true}
  >
    <Menu
      ariaLabel=""
      className=""
    >
      <MenuItem
        className=""
        isHeader={false}
        isOpen={false}
        keepMenuOpen={false}
        label="one"
        onClick={null}
        value=""
      />
    </Menu>
  </MenuOverlay>,
  Symbol(enzyme.__renderer__): Object {
    "batchedUpdates": [Function],
    "getNode": [Function],
    "render": [Function],
    "simulateEvent": [Function],
    "unmount": [Function],
  },
  Symbol(enzyme.__node__): Object {
    "instance": null,
    "key": undefined,
    "nodeType": "host",
    "props": Object {
      "children": Array [
        <div
          onClick={[Function]}
        >
          Trigger
        </div>,
        <EventOverlay
          allowClickAway={true}
          anchorNode={null}
          checkOverflow={false}
          className="cui-menu-overlay"
          close={[Function]}
          direction="bottom-left"
          isContained={false}
          isDynamic={false}
          isOpen={false}
          maxHeight={null}
          maxWidth={null}
          showArrow={true}
          style={null}
          targetOffset={
            Object {
              "horizontal": 0,
              "vertical": 0,
            }
          }
        >
          <Menu
            ariaLabel=""
            className=""
          >
            <MenuItem
              className=""
              isHeader={false}
              isOpen={false}
              keepMenuOpen={false}
              label="one"
              onClick={null}
              value=""
            />
          </Menu>
        </EventOverlay>,
      ],
      "className": "cui-menu-overlay-wrapper",
    },
    "ref": null,
    "rendered": Array [
      Object {
        "instance": null,
        "key": undefined,
        "nodeType": "host",
        "props": Object {
          "children": "Trigger",
          "onClick": [Function],
        },
        "ref": [Function],
        "rendered": "Trigger",
        "type": "div",
      },
      Object {
        "instance": null,
        "key": undefined,
        "nodeType": "class",
        "props": Object {
          "allowClickAway": true,
          "anchorNode": null,
          "checkOverflow": false,
          "children": <Menu
            ariaLabel=""
            className=""
          >
            <MenuItem
              className=""
              isHeader={false}
              isOpen={false}
              keepMenuOpen={false}
              label="one"
              onClick={null}
              value=""
            />
          </Menu>,
          "className": "cui-menu-overlay",
          "close": [Function],
          "direction": "bottom-left",
          "isContained": false,
          "isDynamic": false,
          "isOpen": false,
          "maxHeight": null,
          "maxWidth": null,
          "showArrow": true,
          "style": null,
          "targetOffset": Object {
            "horizontal": 0,
            "vertical": 0,
          },
        },
        "ref": null,
        "rendered": Object {
          "instance": null,
          "key": undefined,
          "nodeType": "class",
          "props": Object {
            "ariaLabel": "",
            "children": <MenuItem
              className=""
              isHeader={false}
              isOpen={false}
              keepMenuOpen={false}
              label="one"
              onClick={null}
              value=""
            />,
            "className": "",
          },
          "ref": null,
          "rendered": Object {
            "instance": null,
            "key": undefined,
            "nodeType": "class",
            "props": Object {
              "children": null,
              "className": "",
              "isHeader": false,
              "isOpen": false,
              "keepMenuOpen": false,
              "label": "one",
              "onClick": null,
              "value": "",
            },
            "ref": null,
            "rendered": null,
            "type": [Function],
          },
          "type": [Function],
        },
        "type": [Function],
      },
    ],
    "type": "div",
  },
  Symbol(enzyme.__nodes__): Array [
    Object {
      "instance": null,
      "key": undefined,
      "nodeType": "host",
      "props": Object {
        "children": Array [
          <div
            onClick={[Function]}
          >
            Trigger
          </div>,
          <EventOverlay
            allowClickAway={true}
            anchorNode={null}
            checkOverflow={false}
            className="cui-menu-overlay"
            close={[Function]}
            direction="bottom-left"
            isContained={false}
            isDynamic={false}
            isOpen={false}
            maxHeight={null}
            maxWidth={null}
            showArrow={true}
            style={null}
            targetOffset={
              Object {
                "horizontal": 0,
                "vertical": 0,
              }
            }
          >
            <Menu
              ariaLabel=""
              className=""
            >
              <MenuItem
                className=""
                isHeader={false}
                isOpen={false}
                keepMenuOpen={false}
                label="one"
                onClick={null}
                value=""
              />
            </Menu>
          </EventOverlay>,
        ],
        "className": "cui-menu-overlay-wrapper",
      },
      "ref": null,
      "rendered": Array [
        Object {
          "instance": null,
          "key": undefined,
          "nodeType": "host",
          "props": Object {
            "children": "Trigger",
            "onClick": [Function],
          },
          "ref": [Function],
          "rendered": "Trigger",
          "type": "div",
        },
        Object {
          "instance": null,
          "key": undefined,
          "nodeType": "class",
          "props": Object {
            "allowClickAway": true,
            "anchorNode": null,
            "checkOverflow": false,
            "children": <Menu
              ariaLabel=""
              className=""
            >
              <MenuItem
                className=""
                isHeader={false}
                isOpen={false}
                keepMenuOpen={false}
                label="one"
                onClick={null}
                value=""
              />
            </Menu>,
            "className": "cui-menu-overlay",
            "close": [Function],
            "direction": "bottom-left",
            "isContained": false,
            "isDynamic": false,
            "isOpen": false,
            "maxHeight": null,
            "maxWidth": null,
            "showArrow": true,
            "style": null,
            "targetOffset": Object {
              "horizontal": 0,
              "vertical": 0,
            },
          },
          "ref": null,
          "rendered": Object {
            "instance": null,
            "key": undefined,
            "nodeType": "class",
            "props": Object {
              "ariaLabel": "",
              "children": <MenuItem
                className=""
                isHeader={false}
                isOpen={false}
                keepMenuOpen={false}
                label="one"
                onClick={null}
                value=""
              />,
              "className": "",
            },
            "ref": null,
            "rendered": Object {
              "instance": null,
              "key": undefined,
              "nodeType": "class",
              "props": Object {
                "children": null,
                "className": "",
                "isHeader": false,
                "isOpen": false,
                "keepMenuOpen": false,
                "label": "one",
                "onClick": null,
                "value": "",
              },
              "ref": null,
              "rendered": null,
              "type": [Function],
            },
            "type": [Function],
          },
          "type": [Function],
        },
      ],
      "type": "div",
    },
  ],
  Symbol(enzyme.__options__): Object {
    "adapter": ReactFifteenAdapter {
      "options": Object {
        "lifecycles": Object {
          "componentDidUpdate": Object {
            "prevContext": true,
          },
        },
        "supportPrevContextArgumentOfComponentDidUpdate": true,
      },
    },
    "attachTo": undefined,
    "hydrateIn": undefined,
  },
}
`;
