// Jest Snapshot v1, https://goo.gl/fbAQLP

exports[`tests for <SubMenu /> should render a SubMenu 1`] = `
ShallowWrapper {
  Symbol(enzyme.__root__): [Circular],
  Symbol(enzyme.__unrendered__): <SubMenu
    className=""
    content={null}
    customNode={null}
    index={Array []}
    isHeader={false}
    isOpen={false}
    keepMenuOpen={false}
    label="one"
    onClick={null}
    selectedValue=""
  >
    <MenuItem
      className=""
      index={null}
      isHeader={false}
      isOpen={false}
      keepMenuOpen={false}
      label="two"
      onClick={null}
      value=""
    />
  </SubMenu>,
  Symbol(enzyme.__renderer__): Object {
    "batchedUpdates": [Function],
    "getNode": [Function],
    "render": [Function],
    "simulateEvent": [Function],
    "unmount": [Function],
  },
  Symbol(enzyme.__node__): Object {
    "instance": null,
    "key": undefined,
    "nodeType": "host",
    "props": Object {
      "aria-expanded": false,
      "aria-haspopup": true,
      "children": Array [
        <ListItem
          active={false}
          className=""
          customAnchorNode={null}
          customRefProp=""
          disabled={false}
          focus={false}
          focusOnLoad={true}
          id={null}
          isReadOnly={false}
          itemIndex={null}
          label=""
          link=""
          onClick={[Function]}
          onKeyDown={[Function]}
          refName="navLink"
          role="menuitem"
          separator={false}
          title=""
          type=""
          value=""
        >
          <div
            className="cui-menu-item__content"
          >
            one
          </div>
          <div
            className="cui-menu-item__selected-value"
            title=""
          >
            
          </div>
          <div
            className="cui-menu-item__arrow"
          >
            <Icon
              ariaLabel={null}
              buttonClassName=""
              className=""
              color=""
              description=""
              isAria={true}
              name="arrow-right_16"
              onClick={null}
              size={null}
              title=""
              type=""
            />
          </div>
        </ListItem>,
        false,
      ],
      "className": "cui-menu-item",
    },
    "ref": null,
    "rendered": Array [
      Object {
        "instance": null,
        "key": undefined,
        "nodeType": "class",
        "props": Object {
          "active": false,
          "children": Array [
            <div
              className="cui-menu-item__content"
            >
              one
            </div>,
            <div
              className="cui-menu-item__selected-value"
              title=""
            >
              
            </div>,
            <div
              className="cui-menu-item__arrow"
            >
              <Icon
                ariaLabel={null}
                buttonClassName=""
                className=""
                color=""
                description=""
                isAria={true}
                name="arrow-right_16"
                onClick={null}
                size={null}
                title=""
                type=""
              />
            </div>,
          ],
          "className": "",
          "customAnchorNode": null,
          "customRefProp": "",
          "disabled": false,
          "focus": false,
          "focusOnLoad": true,
          "id": null,
          "isReadOnly": false,
          "itemIndex": null,
          "label": "",
          "link": "",
          "onClick": [Function],
          "onKeyDown": [Function],
          "refName": "navLink",
          "role": "menuitem",
          "separator": false,
          "title": "",
          "type": "",
          "value": "",
        },
        "ref": [Function],
        "rendered": Array [
          Object {
            "instance": null,
            "key": "content-0",
            "nodeType": "host",
            "props": Object {
              "children": "one",
              "className": "cui-menu-item__content",
            },
            "ref": null,
            "rendered": "one",
            "type": "div",
          },
          Object {
            "instance": null,
            "key": "content-1",
            "nodeType": "host",
            "props": Object {
              "children": "",
              "className": "cui-menu-item__selected-value",
              "title": "",
            },
            "ref": null,
            "rendered": "",
            "type": "div",
          },
          Object {
            "instance": null,
            "key": "content-2",
            "nodeType": "host",
            "props": Object {
              "children": <Icon
                ariaLabel={null}
                buttonClassName=""
                className=""
                color=""
                description=""
                isAria={true}
                name="arrow-right_16"
                onClick={null}
                size={null}
                title=""
                type=""
              />,
              "className": "cui-menu-item__arrow",
            },
            "ref": null,
            "rendered": Object {
              "instance": null,
              "key": undefined,
              "nodeType": "class",
              "props": Object {
                "ariaLabel": null,
                "buttonClassName": "",
                "className": "",
                "color": "",
                "description": "",
                "isAria": true,
                "name": "arrow-right_16",
                "onClick": null,
                "size": null,
                "title": "",
                "type": "",
              },
              "ref": null,
              "rendered": null,
              "type": [Function],
            },
            "type": "div",
          },
        ],
        "type": [Function],
      },
      false,
    ],
    "type": "div",
  },
  Symbol(enzyme.__nodes__): Array [
    Object {
      "instance": null,
      "key": undefined,
      "nodeType": "host",
      "props": Object {
        "aria-expanded": false,
        "aria-haspopup": true,
        "children": Array [
          <ListItem
            active={false}
            className=""
            customAnchorNode={null}
            customRefProp=""
            disabled={false}
            focus={false}
            focusOnLoad={true}
            id={null}
            isReadOnly={false}
            itemIndex={null}
            label=""
            link=""
            onClick={[Function]}
            onKeyDown={[Function]}
            refName="navLink"
            role="menuitem"
            separator={false}
            title=""
            type=""
            value=""
          >
            <div
              className="cui-menu-item__content"
            >
              one
            </div>
            <div
              className="cui-menu-item__selected-value"
              title=""
            >
              
            </div>
            <div
              className="cui-menu-item__arrow"
            >
              <Icon
                ariaLabel={null}
                buttonClassName=""
                className=""
                color=""
                description=""
                isAria={true}
                name="arrow-right_16"
                onClick={null}
                size={null}
                title=""
                type=""
              />
            </div>
          </ListItem>,
          false,
        ],
        "className": "cui-menu-item",
      },
      "ref": null,
      "rendered": Array [
        Object {
          "instance": null,
          "key": undefined,
          "nodeType": "class",
          "props": Object {
            "active": false,
            "children": Array [
              <div
                className="cui-menu-item__content"
              >
                one
              </div>,
              <div
                className="cui-menu-item__selected-value"
                title=""
              >
                
              </div>,
              <div
                className="cui-menu-item__arrow"
              >
                <Icon
                  ariaLabel={null}
                  buttonClassName=""
                  className=""
                  color=""
                  description=""
                  isAria={true}
                  name="arrow-right_16"
                  onClick={null}
                  size={null}
                  title=""
                  type=""
                />
              </div>,
            ],
            "className": "",
            "customAnchorNode": null,
            "customRefProp": "",
            "disabled": false,
            "focus": false,
            "focusOnLoad": true,
            "id": null,
            "isReadOnly": false,
            "itemIndex": null,
            "label": "",
            "link": "",
            "onClick": [Function],
            "onKeyDown": [Function],
            "refName": "navLink",
            "role": "menuitem",
            "separator": false,
            "title": "",
            "type": "",
            "value": "",
          },
          "ref": [Function],
          "rendered": Array [
            Object {
              "instance": null,
              "key": "content-0",
              "nodeType": "host",
              "props": Object {
                "children": "one",
                "className": "cui-menu-item__content",
              },
              "ref": null,
              "rendered": "one",
              "type": "div",
            },
            Object {
              "instance": null,
              "key": "content-1",
              "nodeType": "host",
              "props": Object {
                "children": "",
                "className": "cui-menu-item__selected-value",
                "title": "",
              },
              "ref": null,
              "rendered": "",
              "type": "div",
            },
            Object {
              "instance": null,
              "key": "content-2",
              "nodeType": "host",
              "props": Object {
                "children": <Icon
                  ariaLabel={null}
                  buttonClassName=""
                  className=""
                  color=""
                  description=""
                  isAria={true}
                  name="arrow-right_16"
                  onClick={null}
                  size={null}
                  title=""
                  type=""
                />,
                "className": "cui-menu-item__arrow",
              },
              "ref": null,
              "rendered": Object {
                "instance": null,
                "key": undefined,
                "nodeType": "class",
                "props": Object {
                  "ariaLabel": null,
                  "buttonClassName": "",
                  "className": "",
                  "color": "",
                  "description": "",
                  "isAria": true,
                  "name": "arrow-right_16",
                  "onClick": null,
                  "size": null,
                  "title": "",
                  "type": "",
                },
                "ref": null,
                "rendered": null,
                "type": [Function],
              },
              "type": "div",
            },
          ],
          "type": [Function],
        },
        false,
      ],
      "type": "div",
    },
  ],
  Symbol(enzyme.__options__): Object {
    "adapter": ReactFifteenAdapter {
      "options": Object {
        "lifecycles": Object {
          "componentDidUpdate": Object {
            "prevContext": true,
          },
        },
        "supportPrevContextArgumentOfComponentDidUpdate": true,
      },
    },
    "attachTo": undefined,
    "hydrateIn": undefined,
  },
}
`;
