// Jest Snapshot v1, https://goo.gl/fbAQLP

exports[`tests for <Coachmark /> should match SnapShot 1`] = `
ShallowWrapper {
  Symbol(enzyme.__root__): [Circular],
  Symbol(enzyme.__unrendered__): <Coachmark
    allowClickAway={false}
    buttonChildren={null}
    className=""
    closeOnClick={false}
    contentNode={
      <span>
        Hello how are you doing
      </span>
    }
    delay={0}
    direction="top-center"
    header=""
    hideDelay={0}
    isOpen={false}
    maxWidth={null}
    onClick={null}
    showDelay={0}
    subheader=""
  >
    <button>
      Hello
    </button>
  </Coachmark>,
  Symbol(enzyme.__renderer__): Object {
    "batchedUpdates": [Function],
    "getNode": [Function],
    "render": [Function],
    "simulateEvent": [Function],
    "unmount": [Function],
  },
  Symbol(enzyme.__node__): Object {
    "instance": null,
    "key": undefined,
    "nodeType": "host",
    "props": Object {
      "children": Array [
        <button>
          Hello
        </button>,
        <EventOverlay
          allowClickAway={false}
          anchorNode={null}
          checkOverflow={false}
          className=""
          close={[Function]}
          closeOnClick={false}
          direction="top-center"
          isContained={false}
          isDynamic={false}
          isOpen={false}
          maxHeight={null}
          maxWidth={null}
          showArrow={true}
          style={null}
          targetOffset={
            Object {
              "horizontal": 0,
              "vertical": 0,
            }
          }
        >
          <div
            className="cui-coachmark__container"
          >
            <span>
              Hello how are you doing
            </span>
          </div>
        </EventOverlay>,
      ],
      "className": "cui-coachmark",
    },
    "ref": null,
    "rendered": Array [
      Object {
        "instance": null,
        "key": undefined,
        "nodeType": "host",
        "props": Object {
          "children": "Hello",
        },
        "ref": [Function],
        "rendered": "Hello",
        "type": "button",
      },
      Object {
        "instance": null,
        "key": undefined,
        "nodeType": "class",
        "props": Object {
          "allowClickAway": false,
          "anchorNode": null,
          "checkOverflow": false,
          "children": <div
            className="cui-coachmark__container"
          >
            <span>
              Hello how are you doing
            </span>
          </div>,
          "className": "",
          "close": [Function],
          "closeOnClick": false,
          "direction": "top-center",
          "isContained": false,
          "isDynamic": false,
          "isOpen": false,
          "maxHeight": null,
          "maxWidth": null,
          "showArrow": true,
          "style": null,
          "targetOffset": Object {
            "horizontal": 0,
            "vertical": 0,
          },
        },
        "ref": [Function],
        "rendered": Object {
          "instance": null,
          "key": undefined,
          "nodeType": "host",
          "props": Object {
            "children": <span>
              Hello how are you doing
            </span>,
            "className": "cui-coachmark__container",
          },
          "ref": null,
          "rendered": Object {
            "instance": null,
            "key": "1",
            "nodeType": "host",
            "props": Object {
              "children": "Hello how are you doing",
            },
            "ref": null,
            "rendered": "Hello how are you doing",
            "type": "span",
          },
          "type": "div",
        },
        "type": [Function],
      },
    ],
    "type": "div",
  },
  Symbol(enzyme.__nodes__): Array [
    Object {
      "instance": null,
      "key": undefined,
      "nodeType": "host",
      "props": Object {
        "children": Array [
          <button>
            Hello
          </button>,
          <EventOverlay
            allowClickAway={false}
            anchorNode={null}
            checkOverflow={false}
            className=""
            close={[Function]}
            closeOnClick={false}
            direction="top-center"
            isContained={false}
            isDynamic={false}
            isOpen={false}
            maxHeight={null}
            maxWidth={null}
            showArrow={true}
            style={null}
            targetOffset={
              Object {
                "horizontal": 0,
                "vertical": 0,
              }
            }
          >
            <div
              className="cui-coachmark__container"
            >
              <span>
                Hello how are you doing
              </span>
            </div>
          </EventOverlay>,
        ],
        "className": "cui-coachmark",
      },
      "ref": null,
      "rendered": Array [
        Object {
          "instance": null,
          "key": undefined,
          "nodeType": "host",
          "props": Object {
            "children": "Hello",
          },
          "ref": [Function],
          "rendered": "Hello",
          "type": "button",
        },
        Object {
          "instance": null,
          "key": undefined,
          "nodeType": "class",
          "props": Object {
            "allowClickAway": false,
            "anchorNode": null,
            "checkOverflow": false,
            "children": <div
              className="cui-coachmark__container"
            >
              <span>
                Hello how are you doing
              </span>
            </div>,
            "className": "",
            "close": [Function],
            "closeOnClick": false,
            "direction": "top-center",
            "isContained": false,
            "isDynamic": false,
            "isOpen": false,
            "maxHeight": null,
            "maxWidth": null,
            "showArrow": true,
            "style": null,
            "targetOffset": Object {
              "horizontal": 0,
              "vertical": 0,
            },
          },
          "ref": [Function],
          "rendered": Object {
            "instance": null,
            "key": undefined,
            "nodeType": "host",
            "props": Object {
              "children": <span>
                Hello how are you doing
              </span>,
              "className": "cui-coachmark__container",
            },
            "ref": null,
            "rendered": Object {
              "instance": null,
              "key": "1",
              "nodeType": "host",
              "props": Object {
                "children": "Hello how are you doing",
              },
              "ref": null,
              "rendered": "Hello how are you doing",
              "type": "span",
            },
            "type": "div",
          },
          "type": [Function],
        },
      ],
      "type": "div",
    },
  ],
  Symbol(enzyme.__options__): Object {
    "adapter": ReactFifteenAdapter {
      "options": Object {
        "lifecycles": Object {
          "componentDidUpdate": Object {
            "prevContext": true,
          },
        },
        "supportPrevContextArgumentOfComponentDidUpdate": true,
      },
    },
    "attachTo": undefined,
    "hydrateIn": undefined,
  },
}
`;
