// Jest Snapshot v1, https://goo.gl/fbAQLP

exports[`tests for <Tab /> should match SnapShot 1`] = `
ShallowWrapper {
  Symbol(enzyme.__root__): [Circular],
  Symbol(enzyme.__unrendered__): <Tab
    active={false}
    className=""
    disabled={false}
    focus={false}
    heading="test"
    myKey={0}
    onKeyDown={null}
    onPress={null}
    role="tab"
  />,
  Symbol(enzyme.__renderer__): Object {
    "batchedUpdates": [Function],
    "getNode": [Function],
    "render": [Function],
    "simulateEvent": [Function],
    "unmount": [Function],
  },
  Symbol(enzyme.__node__): Object {
    "instance": null,
    "key": undefined,
    "nodeType": "host",
    "props": Object {
      "children": <a
        aria-current={false}
        href="javascript:void(0)"
        onClick={null}
        onKeyDown={null}
        role="tab"
        tabIndex={-1}
      >
        test
      </a>,
      "className": "cui-tab__item",
      "tabIndex": "-1",
    },
    "ref": null,
    "rendered": Object {
      "instance": null,
      "key": undefined,
      "nodeType": "host",
      "props": Object {
        "aria-current": false,
        "children": "test",
        "href": "javascript:void(0)",
        "onClick": null,
        "onKeyDown": null,
        "role": "tab",
        "tabIndex": -1,
      },
      "ref": [Function],
      "rendered": "test",
      "type": "a",
    },
    "type": "li",
  },
  Symbol(enzyme.__nodes__): Array [
    Object {
      "instance": null,
      "key": undefined,
      "nodeType": "host",
      "props": Object {
        "children": <a
          aria-current={false}
          href="javascript:void(0)"
          onClick={null}
          onKeyDown={null}
          role="tab"
          tabIndex={-1}
        >
          test
        </a>,
        "className": "cui-tab__item",
        "tabIndex": "-1",
      },
      "ref": null,
      "rendered": Object {
        "instance": null,
        "key": undefined,
        "nodeType": "host",
        "props": Object {
          "aria-current": false,
          "children": "test",
          "href": "javascript:void(0)",
          "onClick": null,
          "onKeyDown": null,
          "role": "tab",
          "tabIndex": -1,
        },
        "ref": [Function],
        "rendered": "test",
        "type": "a",
      },
      "type": "li",
    },
  ],
  Symbol(enzyme.__options__): Object {
    "adapter": ReactFifteenAdapter {
      "options": Object {
        "lifecycles": Object {
          "componentDidUpdate": Object {
            "prevContext": true,
          },
        },
        "supportPrevContextArgumentOfComponentDidUpdate": true,
      },
    },
    "attachTo": undefined,
    "hydrateIn": undefined,
  },
}
`;
