// Jest Snapshot v1, https://goo.gl/fbAQLP

exports[`<Chip /> should match SnapShot 1`] = `
ShallowWrapper {
  Symbol(enzyme.__root__): [Circular],
  Symbol(enzyme.__unrendered__): <Chip
    className=""
    fileDownloadLink=""
    fileType={null}
    leftContent={null}
    rightContent={null}
    subTitle=""
    type="recording"
  />,
  Symbol(enzyme.__renderer__): Object {
    "batchedUpdates": [Function],
    "getNode": [Function],
    "render": [Function],
    "simulateEvent": [Function],
    "unmount": [Function],
  },
  Symbol(enzyme.__node__): Object {
    "instance": null,
    "key": undefined,
    "nodeType": "host",
    "props": Object {
      "children": Array [
        <div
          className="cui-chip-left recording"
        >
          <Icon
            ariaLabel={null}
            buttonClassName=""
            className=""
            color="white"
            description=""
            isAria={true}
            name="play-circle_32"
            onClick={null}
            size={null}
            title=""
            type=""
          />
        </div>,
        <div
          className="cui-chip-center"
        >
          
        </div>,
        null,
      ],
      "className": "cui-chip",
    },
    "ref": null,
    "rendered": Array [
      Object {
        "instance": null,
        "key": undefined,
        "nodeType": "host",
        "props": Object {
          "children": <Icon
            ariaLabel={null}
            buttonClassName=""
            className=""
            color="white"
            description=""
            isAria={true}
            name="play-circle_32"
            onClick={null}
            size={null}
            title=""
            type=""
          />,
          "className": "cui-chip-left recording",
        },
        "ref": null,
        "rendered": Object {
          "instance": null,
          "key": undefined,
          "nodeType": "class",
          "props": Object {
            "ariaLabel": null,
            "buttonClassName": "",
            "className": "",
            "color": "white",
            "description": "",
            "isAria": true,
            "name": "play-circle_32",
            "onClick": null,
            "size": null,
            "title": "",
            "type": "",
          },
          "ref": null,
          "rendered": null,
          "type": [Function],
        },
        "type": "div",
      },
      Object {
        "instance": null,
        "key": undefined,
        "nodeType": "host",
        "props": Object {
          "children": Array [
            undefined,
            "",
          ],
          "className": "cui-chip-center",
        },
        "ref": null,
        "rendered": Array [
          undefined,
          "",
        ],
        "type": "div",
      },
      null,
    ],
    "type": "div",
  },
  Symbol(enzyme.__nodes__): Array [
    Object {
      "instance": null,
      "key": undefined,
      "nodeType": "host",
      "props": Object {
        "children": Array [
          <div
            className="cui-chip-left recording"
          >
            <Icon
              ariaLabel={null}
              buttonClassName=""
              className=""
              color="white"
              description=""
              isAria={true}
              name="play-circle_32"
              onClick={null}
              size={null}
              title=""
              type=""
            />
          </div>,
          <div
            className="cui-chip-center"
          >
            
          </div>,
          null,
        ],
        "className": "cui-chip",
      },
      "ref": null,
      "rendered": Array [
        Object {
          "instance": null,
          "key": undefined,
          "nodeType": "host",
          "props": Object {
            "children": <Icon
              ariaLabel={null}
              buttonClassName=""
              className=""
              color="white"
              description=""
              isAria={true}
              name="play-circle_32"
              onClick={null}
              size={null}
              title=""
              type=""
            />,
            "className": "cui-chip-left recording",
          },
          "ref": null,
          "rendered": Object {
            "instance": null,
            "key": undefined,
            "nodeType": "class",
            "props": Object {
              "ariaLabel": null,
              "buttonClassName": "",
              "className": "",
              "color": "white",
              "description": "",
              "isAria": true,
              "name": "play-circle_32",
              "onClick": null,
              "size": null,
              "title": "",
              "type": "",
            },
            "ref": null,
            "rendered": null,
            "type": [Function],
          },
          "type": "div",
        },
        Object {
          "instance": null,
          "key": undefined,
          "nodeType": "host",
          "props": Object {
            "children": Array [
              undefined,
              "",
            ],
            "className": "cui-chip-center",
          },
          "ref": null,
          "rendered": Array [
            undefined,
            "",
          ],
          "type": "div",
        },
        null,
      ],
      "type": "div",
    },
  ],
  Symbol(enzyme.__options__): Object {
    "adapter": ReactFifteenAdapter {
      "options": Object {
        "lifecycles": Object {
          "componentDidUpdate": Object {
            "prevContext": true,
          },
        },
        "supportPrevContextArgumentOfComponentDidUpdate": true,
      },
    },
    "attachTo": undefined,
    "hydrateIn": undefined,
  },
}
`;
