// Jest Snapshot v1, https://goo.gl/fbAQLP

exports[`tests for <EventOverlay /> should match text SnapShot 1`] = `
ShallowWrapper {
  Symbol(enzyme.__root__): [Circular],
  Symbol(enzyme.__unrendered__): <EventOverlay
    allowClickAway={true}
    anchorNode={<div />}
    checkOverflow={false}
    className=""
    close={null}
    direction="bottom-left"
    isContained={false}
    isDynamic={false}
    isOpen={false}
    maxHeight={null}
    maxWidth={null}
    showArrow={false}
    style={null}
    targetOffset={
      Object {
        "horizontal": 0,
        "vertical": 0,
      }
    }
  >
    <span>
      Test
    </span>
  </EventOverlay>,
  Symbol(enzyme.__renderer__): Object {
    "batchedUpdates": [Function],
    "getNode": [Function],
    "render": [Function],
    "simulateEvent": [Function],
    "unmount": [Function],
  },
  Symbol(enzyme.__node__): null,
  Symbol(enzyme.__nodes__): Array [
    null,
  ],
  Symbol(enzyme.__options__): Object {
    "adapter": ReactFifteenAdapter {
      "options": Object {
        "lifecycles": Object {
          "componentDidUpdate": Object {
            "prevContext": true,
          },
        },
        "supportPrevContextArgumentOfComponentDidUpdate": true,
      },
    },
    "attachTo": undefined,
    "hydrateIn": undefined,
  },
}
`;
