// Jest Snapshot v1, https://goo.gl/fbAQLP

exports[`tests for <ListItemMeeting /> should match SnapShot 1`] = `
ShallowWrapper {
  Symbol(enzyme.__root__): [Circular],
  Symbol(enzyme.__unrendered__): <ListItemMeeting
    anchorLabel=""
    anchorOnClick={null}
    childrenRight={null}
    className=""
    eventOverlayProps={null}
    header="testHeader"
    id=""
    inProgress={false}
    includeDate={false}
    isAllDay={false}
    isCompleted={false}
    isRecurring={false}
    onClick={null}
    popoverContent={null}
    ratioOffset={-0.4}
    statusColor={null}
    time={
      Object {
        "end": "",
        "start": "",
      }
    }
    timeNode={null}
    title=""
    type=""
  />,
  Symbol(enzyme.__renderer__): Object {
    "batchedUpdates": [Function],
    "getNode": [Function],
    "render": [Function],
    "simulateEvent": [Function],
    "unmount": [Function],
  },
  Symbol(enzyme.__node__): Object {
    "instance": null,
    "key": undefined,
    "nodeType": "class",
    "props": Object {
      "active": false,
      "children": Array [
        <ListItemSection
          className=""
          inProgress={false}
          includeDate={false}
          position="left"
        />,
        <ListItemSection
          className=""
          position="center"
        >
          <div
            className="cui-list-item__header"
          >
            <span>
              testHeader
            </span>
          </div>
          <div
            className="cui-list-item__space-link"
          >
            
          </div>
        </ListItemSection>,
        <ListItemSection
          className=""
          position="right"
        />,
        <EventOverlay
          allowClickAway={true}
          anchorNode={null}
          checkOverflow={false}
          className=""
          close={[Function]}
          direction="right-center"
          isContained={false}
          isDynamic={true}
          isOpen={false}
          maxHeight={null}
          maxWidth={null}
          showArrow={true}
          style={null}
          targetOffset={
            Object {
              "horizontal": -10,
            }
          }
        />,
      ],
      "className": "cui-list-item-meeting",
      "customAnchorNode": null,
      "customRefProp": "",
      "disabled": false,
      "focus": false,
      "focusOnLoad": false,
      "id": "",
      "isReadOnly": false,
      "itemIndex": null,
      "label": "",
      "link": "",
      "onClick": [Function],
      "onKeyDown": null,
      "refName": "navLink",
      "role": "listItem",
      "separator": false,
      "title": "testHeader",
      "type": 60,
      "value": "",
    },
    "ref": [Function],
    "rendered": Array [
      Object {
        "instance": null,
        "key": "child-0",
        "nodeType": "function",
        "props": Object {
          "children": Array [
            false,
            undefined,
          ],
          "className": "",
          "inProgress": false,
          "includeDate": false,
          "position": "left",
        },
        "ref": null,
        "rendered": Array [
          false,
          undefined,
        ],
        "type": [Function],
      },
      Object {
        "instance": null,
        "key": "child-1",
        "nodeType": "function",
        "props": Object {
          "children": Array [
            <div
              className="cui-list-item__header"
            >
              <span>
                testHeader
              </span>
            </div>,
            <div
              className="cui-list-item__space-link"
            >
              
            </div>,
          ],
          "className": "",
          "position": "center",
        },
        "ref": null,
        "rendered": Array [
          Object {
            "instance": null,
            "key": undefined,
            "nodeType": "host",
            "props": Object {
              "children": Array [
                <span>
                  testHeader
                </span>,
                false,
              ],
              "className": "cui-list-item__header",
            },
            "ref": null,
            "rendered": Array [
              Object {
                "instance": null,
                "key": undefined,
                "nodeType": "host",
                "props": Object {
                  "children": "testHeader",
                },
                "ref": null,
                "rendered": "testHeader",
                "type": "span",
              },
              false,
            ],
            "type": "div",
          },
          Object {
            "instance": null,
            "key": undefined,
            "nodeType": "host",
            "props": Object {
              "children": "",
              "className": "cui-list-item__space-link",
            },
            "ref": null,
            "rendered": "",
            "type": "div",
          },
        ],
        "type": [Function],
      },
      Object {
        "instance": null,
        "key": "child-2",
        "nodeType": "function",
        "props": Object {
          "children": null,
          "className": "",
          "position": "right",
        },
        "ref": null,
        "rendered": null,
        "type": [Function],
      },
      Object {
        "instance": null,
        "key": "child-3",
        "nodeType": "class",
        "props": Object {
          "allowClickAway": true,
          "anchorNode": null,
          "checkOverflow": false,
          "children": null,
          "className": "",
          "close": [Function],
          "direction": "right-center",
          "isContained": false,
          "isDynamic": true,
          "isOpen": false,
          "maxHeight": null,
          "maxWidth": null,
          "showArrow": true,
          "style": null,
          "targetOffset": Object {
            "horizontal": -10,
          },
        },
        "ref": null,
        "rendered": null,
        "type": [Function],
      },
    ],
    "type": [Function],
  },
  Symbol(enzyme.__nodes__): Array [
    Object {
      "instance": null,
      "key": undefined,
      "nodeType": "class",
      "props": Object {
        "active": false,
        "children": Array [
          <ListItemSection
            className=""
            inProgress={false}
            includeDate={false}
            position="left"
          />,
          <ListItemSection
            className=""
            position="center"
          >
            <div
              className="cui-list-item__header"
            >
              <span>
                testHeader
              </span>
            </div>
            <div
              className="cui-list-item__space-link"
            >
              
            </div>
          </ListItemSection>,
          <ListItemSection
            className=""
            position="right"
          />,
          <EventOverlay
            allowClickAway={true}
            anchorNode={null}
            checkOverflow={false}
            className=""
            close={[Function]}
            direction="right-center"
            isContained={false}
            isDynamic={true}
            isOpen={false}
            maxHeight={null}
            maxWidth={null}
            showArrow={true}
            style={null}
            targetOffset={
              Object {
                "horizontal": -10,
              }
            }
          />,
        ],
        "className": "cui-list-item-meeting",
        "customAnchorNode": null,
        "customRefProp": "",
        "disabled": false,
        "focus": false,
        "focusOnLoad": false,
        "id": "",
        "isReadOnly": false,
        "itemIndex": null,
        "label": "",
        "link": "",
        "onClick": [Function],
        "onKeyDown": null,
        "refName": "navLink",
        "role": "listItem",
        "separator": false,
        "title": "testHeader",
        "type": 60,
        "value": "",
      },
      "ref": [Function],
      "rendered": Array [
        Object {
          "instance": null,
          "key": "child-0",
          "nodeType": "function",
          "props": Object {
            "children": Array [
              false,
              undefined,
            ],
            "className": "",
            "inProgress": false,
            "includeDate": false,
            "position": "left",
          },
          "ref": null,
          "rendered": Array [
            false,
            undefined,
          ],
          "type": [Function],
        },
        Object {
          "instance": null,
          "key": "child-1",
          "nodeType": "function",
          "props": Object {
            "children": Array [
              <div
                className="cui-list-item__header"
              >
                <span>
                  testHeader
                </span>
              </div>,
              <div
                className="cui-list-item__space-link"
              >
                
              </div>,
            ],
            "className": "",
            "position": "center",
          },
          "ref": null,
          "rendered": Array [
            Object {
              "instance": null,
              "key": undefined,
              "nodeType": "host",
              "props": Object {
                "children": Array [
                  <span>
                    testHeader
                  </span>,
                  false,
                ],
                "className": "cui-list-item__header",
              },
              "ref": null,
              "rendered": Array [
                Object {
                  "instance": null,
                  "key": undefined,
                  "nodeType": "host",
                  "props": Object {
                    "children": "testHeader",
                  },
                  "ref": null,
                  "rendered": "testHeader",
                  "type": "span",
                },
                false,
              ],
              "type": "div",
            },
            Object {
              "instance": null,
              "key": undefined,
              "nodeType": "host",
              "props": Object {
                "children": "",
                "className": "cui-list-item__space-link",
              },
              "ref": null,
              "rendered": "",
              "type": "div",
            },
          ],
          "type": [Function],
        },
        Object {
          "instance": null,
          "key": "child-2",
          "nodeType": "function",
          "props": Object {
            "children": null,
            "className": "",
            "position": "right",
          },
          "ref": null,
          "rendered": null,
          "type": [Function],
        },
        Object {
          "instance": null,
          "key": "child-3",
          "nodeType": "class",
          "props": Object {
            "allowClickAway": true,
            "anchorNode": null,
            "checkOverflow": false,
            "children": null,
            "className": "",
            "close": [Function],
            "direction": "right-center",
            "isContained": false,
            "isDynamic": true,
            "isOpen": false,
            "maxHeight": null,
            "maxWidth": null,
            "showArrow": true,
            "style": null,
            "targetOffset": Object {
              "horizontal": -10,
            },
          },
          "ref": null,
          "rendered": null,
          "type": [Function],
        },
      ],
      "type": [Function],
    },
  ],
  Symbol(enzyme.__options__): Object {
    "adapter": ReactFifteenAdapter {
      "options": Object {
        "lifecycles": Object {
          "componentDidUpdate": Object {
            "prevContext": true,
          },
        },
        "supportPrevContextArgumentOfComponentDidUpdate": true,
      },
    },
    "attachTo": undefined,
    "hydrateIn": undefined,
  },
}
`;
